// Jest Snapshot v1, https://goo.gl/fbAQLP

exports[`Flexible simple 1`] = `
<DocumentFragment>
  <div>
    <h1>
      Hey! I'm the "Flexible" project
    </h1>
    <p>
      I can be a dependency of "Main" project or ran independently.
      <br />
      <br />
      We both use the "Common" project.
    </p>
    <div>
      hey! I'm a div that's being used in both projects! CommonComponentInFlexible
    </div>
    <div>
      Calculate using string: str1
    </div>
  </div>
</DocumentFragment>
`;
