// Jest Snapshot v1, https://goo.gl/fbAQLP

exports[`CommonComponent simple render 1`] = `
<DocumentFragment>
  <div>
    hey! I'm a div that's being used in both projects! text
  </div>
</DocumentFragment>
`;
